[campaign 337298] lock owner.txt written; concurrentWith=none
=== [11:03:40 load=3.16] chromium dpr=1 cell=combined target=minimal rep=1  port=18861
    OK chromium dpr=1 cell=combined rep=1 -> /home/CNS2026495165/dsh/.workspace/lag-fix/incident2/gecko-vs-blink/raw/run-chromium-dpr1-combined-r1.json
      frameStats.collector={"n":480,"p50":16.7,"p95":16.7,"p99":16.8,"max":16.8,"mean":16.666,"over50":0,"over100":0}
      frameStats.page     ={"n":480,"p50":16.7,"p95":16.7,"p99":16.8,"max":16.8,"mean":16.666,"over50":0,"over100":0}
      rafJs={"n":481,"totalMs":4.2,"maxMs":0.1,"meanMs":0.0087} domNodes=1330 dprReadBack=1
      longtask={"supported":true,"count":0,"err":null}
      loaf={"supported":true,"count":0,"err":null}
      cdpWindowMs=8009 absentFields=["Paint","CompositeLayers","Layout","RecalcStyle"]
=== [11:03:52 load=3.05] chromium dpr=1 cell=combined target=minimal rep=2  port=18862
    OK chromium dpr=1 cell=combined rep=2 -> /home/CNS2026495165/dsh/.workspace/lag-fix/incident2/gecko-vs-blink/raw/run-chromium-dpr1-combined-r2.json
      frameStats.collector={"n":479,"p50":16.7,"p95":16.7,"p99":16.8,"max":16.8,"mean":16.666,"over50":0,"over100":0}
      frameStats.page     ={"n":479,"p50":16.7,"p95":16.7,"p99":16.8,"max":16.8,"mean":16.666,"over50":0,"over100":0}
      rafJs={"n":480,"totalMs":3.7,"maxMs":0.1,"meanMs":0.0077} domNodes=1330 dprReadBack=1
      longtask={"supported":true,"count":0,"err":null}
      loaf={"supported":true,"count":0,"err":null}
      cdpWindowMs=8009 absentFields=["Paint","CompositeLayers","Layout","RecalcStyle"]
=== [11:04:04 load=3.10] chromium dpr=1 cell=combined target=minimal rep=3  port=18863
    OK chromium dpr=1 cell=combined rep=3 -> /home/CNS2026495165/dsh/.workspace/lag-fix/incident2/gecko-vs-blink/raw/run-chromium-dpr1-combined-r3.json
      frameStats.collector={"n":479,"p50":16.7,"p95":16.8,"p99":16.8,"max":16.8,"mean":16.666,"over50":0,"over100":0}
      frameStats.page     ={"n":479,"p50":16.7,"p95":16.8,"p99":16.8,"max":16.8,"mean":16.666,"over50":0,"over100":0}
      rafJs={"n":480,"totalMs":3.6,"maxMs":0.1,"meanMs":0.0075} domNodes=1330 dprReadBack=1
      longtask={"supported":true,"count":0,"err":null}
      loaf={"supported":true,"count":0,"err":null}
      cdpWindowMs=8009 absentFields=["Paint","CompositeLayers","Layout","RecalcStyle"]
=== [11:04:16 load=3.01] firefox dpr=1 cell=combined target=minimal rep=1  port=18864
    OK firefox dpr=1 cell=combined rep=1 -> /home/CNS2026495165/dsh/.workspace/lag-fix/incident2/gecko-vs-blink/raw/run-firefox-dpr1-combined-r1.json
      frameStats.collector={"n":480,"p50":17.06,"p95":17.08,"p99":17.1,"max":17.14,"mean":16.665,"over50":0,"over100":0}
      frameStats.page     ={"n":480,"p50":17.06,"p95":17.08,"p99":17.1,"max":17.14,"mean":16.665,"over50":0,"over100":0}
      rafJs={"n":481,"totalMs":18,"maxMs":1,"meanMs":0.0374} domNodes=1329 dprReadBack=1
      longtask={"supported":true,"count":0,"err":null}
      loaf={"supported":true,"count":0,"err":null}
=== [11:04:29 load=3.53] firefox dpr=1 cell=combined target=minimal rep=2  port=18865
    OK firefox dpr=1 cell=combined rep=2 -> /home/CNS2026495165/dsh/.workspace/lag-fix/incident2/gecko-vs-blink/raw/run-firefox-dpr1-combined-r2.json
      frameStats.collector={"n":480,"p50":17.06,"p95":17.08,"p99":17.08,"max":17.08,"mean":16.666,"over50":0,"over100":0}
      frameStats.page     ={"n":480,"p50":17.06,"p95":17.08,"p99":17.08,"max":17.08,"mean":16.666,"over50":0,"over100":0}
      rafJs={"n":481,"totalMs":11,"maxMs":1,"meanMs":0.0229} domNodes=1329 dprReadBack=1
      longtask={"supported":true,"count":0,"err":null}
      loaf={"supported":true,"count":0,"err":null}
=== [11:04:41 load=3.45] firefox dpr=1 cell=combined target=minimal rep=3  port=18866
    OK firefox dpr=1 cell=combined rep=3 -> /home/CNS2026495165/dsh/.workspace/lag-fix/incident2/gecko-vs-blink/raw/run-firefox-dpr1-combined-r3.json
      frameStats.collector={"n":480,"p50":17.06,"p95":17.08,"p99":17.08,"max":17.08,"mean":16.666,"over50":0,"over100":0}
      frameStats.page     ={"n":480,"p50":17.06,"p95":17.08,"p99":17.08,"max":17.08,"mean":16.666,"over50":0,"over100":0}
      rafJs={"n":481,"totalMs":7,"maxMs":1,"meanMs":0.0146} domNodes=1329 dprReadBack=1
      longtask={"supported":true,"count":0,"err":null}
      loaf={"supported":true,"count":0,"err":null}
=== [11:04:54 load=3.83] chromium dpr=2 cell=combined target=minimal rep=1  port=18867
    OK chromium dpr=2 cell=combined rep=1 -> /home/CNS2026495165/dsh/.workspace/lag-fix/incident2/gecko-vs-blink/raw/run-chromium-dpr2-combined-r1.json
      frameStats.collector={"n":479,"p50":16.7,"p95":16.7,"p99":16.8,"max":16.8,"mean":16.666,"over50":0,"over100":0}
      frameStats.page     ={"n":479,"p50":16.7,"p95":16.7,"p99":16.8,"max":16.8,"mean":16.666,"over50":0,"over100":0}
      rafJs={"n":480,"totalMs":4.2,"maxMs":0.2,"meanMs":0.0087} domNodes=1329 dprReadBack=2
      longtask={"supported":true,"count":0,"err":null}
      loaf={"supported":true,"count":0,"err":null}
      cdpWindowMs=8009 absentFields=["Paint","CompositeLayers","Layout","RecalcStyle"]
=== [11:05:06 load=3.78] chromium dpr=2 cell=combined target=minimal rep=2  port=18868
    OK chromium dpr=2 cell=combined rep=2 -> /home/CNS2026495165/dsh/.workspace/lag-fix/incident2/gecko-vs-blink/raw/run-chromium-dpr2-combined-r2.json
      frameStats.collector={"n":480,"p50":16.7,"p95":16.8,"p99":16.8,"max":16.8,"mean":16.666,"over50":0,"over100":0}
      frameStats.page     ={"n":480,"p50":16.7,"p95":16.8,"p99":16.8,"max":16.8,"mean":16.666,"over50":0,"over100":0}
      rafJs={"n":481,"totalMs":4.3,"maxMs":0.1,"meanMs":0.0089} domNodes=1330 dprReadBack=2
      longtask={"supported":true,"count":0,"err":null}
      loaf={"supported":true,"count":0,"err":null}
      cdpWindowMs=8009 absentFields=["Paint","CompositeLayers","Layout","RecalcStyle"]
=== [11:05:18 load=5.44] chromium dpr=2 cell=combined target=minimal rep=3  port=18869
    OK chromium dpr=2 cell=combined rep=3 -> /home/CNS2026495165/dsh/.workspace/lag-fix/incident2/gecko-vs-blink/raw/run-chromium-dpr2-combined-r3.json
      frameStats.collector={"n":480,"p50":16.7,"p95":16.8,"p99":16.8,"max":16.8,"mean":16.666,"over50":0,"over100":0}
      frameStats.page     ={"n":480,"p50":16.7,"p95":16.8,"p99":16.8,"max":16.8,"mean":16.666,"over50":0,"over100":0}
      rafJs={"n":481,"totalMs":7.2,"maxMs":0.1,"meanMs":0.015} domNodes=1330 dprReadBack=2
      longtask={"supported":true,"count":0,"err":null}
      loaf={"supported":true,"count":0,"err":null}
      cdpWindowMs=8009 absentFields=["Paint","CompositeLayers","Layout","RecalcStyle"]
=== [11:05:29 load=4.75] firefox dpr=2 cell=combined target=minimal rep=1  port=18870
    OK firefox dpr=2 cell=combined rep=1 -> /home/CNS2026495165/dsh/.workspace/lag-fix/incident2/gecko-vs-blink/raw/run-firefox-dpr2-combined-r1.json
      frameStats.collector={"n":480,"p50":17.06,"p95":17.08,"p99":17.08,"max":17.1,"mean":16.668,"over50":0,"over100":0}
      frameStats.page     ={"n":480,"p50":17.06,"p95":17.08,"p99":17.08,"max":17.1,"mean":16.668,"over50":0,"over100":0}
      rafJs={"n":481,"totalMs":5,"maxMs":1,"meanMs":0.0104} domNodes=1328 dprReadBack=2
      longtask={"supported":true,"count":0,"err":null}
      loaf={"supported":true,"count":0,"err":null}
=== [11:05:42 load=4.64] firefox dpr=2 cell=combined target=minimal rep=2  port=18871
    OK firefox dpr=2 cell=combined rep=2 -> /home/CNS2026495165/dsh/.workspace/lag-fix/incident2/gecko-vs-blink/raw/run-firefox-dpr2-combined-r2.json
      frameStats.collector={"n":476,"p50":17.06,"p95":17.1,"p99":17.12,"max":33.16,"mean":16.807,"over50":0,"over100":0}
      frameStats.page     ={"n":476,"p50":17.06,"p95":17.1,"p99":17.12,"max":33.16,"mean":16.807,"over50":0,"over100":0}
      rafJs={"n":477,"totalMs":20,"maxMs":1,"meanMs":0.0419} domNodes=1328 dprReadBack=2
      longtask={"supported":true,"count":0,"err":null}
      loaf={"supported":true,"count":0,"err":null}
=== [11:05:55 load=5.31] firefox dpr=2 cell=combined target=minimal rep=3  port=18872
    OK firefox dpr=2 cell=combined rep=3 -> /home/CNS2026495165/dsh/.workspace/lag-fix/incident2/gecko-vs-blink/raw/run-firefox-dpr2-combined-r3.json
      frameStats.collector={"n":480,"p50":17.06,"p95":17.08,"p99":17.08,"max":17.08,"mean":16.667,"over50":0,"over100":0}
      frameStats.page     ={"n":480,"p50":17.06,"p95":17.08,"p99":17.08,"max":17.08,"mean":16.667,"over50":0,"over100":0}
      rafJs={"n":481,"totalMs":17,"maxMs":1,"meanMs":0.0353} domNodes=1329 dprReadBack=2
      longtask={"supported":true,"count":0,"err":null}
      loaf={"supported":true,"count":0,"err":null}
=== [11:06:08 load=5.30] chromium dpr=1 cell=hover-tray target=minimal rep=1  port=18873
    OK chromium dpr=1 cell=hover-tray rep=1 -> /home/CNS2026495165/dsh/.workspace/lag-fix/incident2/gecko-vs-blink/raw/run-chromium-dpr1-hover-tray-r1.json
      frameStats.collector={"n":480,"p50":16.7,"p95":16.8,"p99":16.8,"max":16.8,"mean":16.666,"over50":0,"over100":0}
      frameStats.page     ={"n":480,"p50":16.7,"p95":16.8,"p99":16.8,"max":16.8,"mean":16.666,"over50":0,"over100":0}
      rafJs={"n":481,"totalMs":94,"maxMs":0.4,"meanMs":0.1954} domNodes=1293 dprReadBack=1
      longtask={"supported":true,"count":0,"err":null}
      loaf={"supported":true,"count":0,"err":null}
      cdpWindowMs=8009 absentFields=["Paint","CompositeLayers","Layout","RecalcStyle"]
=== [11:06:20 load=4.95] chromium dpr=1 cell=hover-tray target=minimal rep=2  port=18874
    OK chromium dpr=1 cell=hover-tray rep=2 -> /home/CNS2026495165/dsh/.workspace/lag-fix/incident2/gecko-vs-blink/raw/run-chromium-dpr1-hover-tray-r2.json
      frameStats.collector={"n":480,"p50":16.7,"p95":16.7,"p99":16.8,"max":16.8,"mean":16.666,"over50":0,"over100":0}
      frameStats.page     ={"n":480,"p50":16.7,"p95":16.7,"p99":16.8,"max":16.8,"mean":16.666,"over50":0,"over100":0}
      rafJs={"n":481,"totalMs":96.8,"maxMs":0.4,"meanMs":0.2012} domNodes=1293 dprReadBack=1
      longtask={"supported":true,"count":0,"err":null}
      loaf={"supported":true,"count":0,"err":null}
      cdpWindowMs=8009 absentFields=["Paint","CompositeLayers","Layout","RecalcStyle"]
=== [11:06:32 load=5.10] firefox dpr=1 cell=hover-tray target=minimal rep=1  port=18875
    OK firefox dpr=1 cell=hover-tray rep=1 -> /home/CNS2026495165/dsh/.workspace/lag-fix/incident2/gecko-vs-blink/raw/run-firefox-dpr1-hover-tray-r1.json
      frameStats.collector={"n":480,"p50":17.06,"p95":17.08,"p99":17.1,"max":17.1,"mean":16.667,"over50":0,"over100":0}
      frameStats.page     ={"n":480,"p50":17.06,"p95":17.08,"p99":17.1,"max":17.1,"mean":16.667,"over50":0,"over100":0}
      rafJs={"n":481,"totalMs":929,"maxMs":5,"meanMs":1.9314} domNodes=1293 dprReadBack=1
      longtask={"supported":true,"count":0,"err":null}
      loaf={"supported":true,"count":0,"err":null}
=== [11:06:45 load=5.42] firefox dpr=1 cell=hover-tray target=minimal rep=2  port=18876
    OK firefox dpr=1 cell=hover-tray rep=2 -> /home/CNS2026495165/dsh/.workspace/lag-fix/incident2/gecko-vs-blink/raw/run-firefox-dpr1-hover-tray-r2.json
      frameStats.collector={"n":480,"p50":17.06,"p95":17.08,"p99":17.08,"max":17.1,"mean":16.668,"over50":0,"over100":0}
      frameStats.page     ={"n":480,"p50":17.06,"p95":17.08,"p99":17.08,"max":17.1,"mean":16.668,"over50":0,"over100":0}
      rafJs={"n":481,"totalMs":831,"maxMs":3,"meanMs":1.7277} domNodes=1293 dprReadBack=1
      longtask={"supported":true,"count":0,"err":null}
      loaf={"supported":true,"count":0,"err":null}
=== [11:06:57 load=6.01] chromium dpr=2 cell=hover-tray target=minimal rep=1  port=18877
    OK chromium dpr=2 cell=hover-tray rep=1 -> /home/CNS2026495165/dsh/.workspace/lag-fix/incident2/gecko-vs-blink/raw/run-chromium-dpr2-hover-tray-r1.json
      frameStats.collector={"n":480,"p50":16.7,"p95":16.7,"p99":16.8,"max":16.8,"mean":16.666,"over50":0,"over100":0}
      frameStats.page     ={"n":480,"p50":16.7,"p95":16.7,"p99":16.8,"max":16.8,"mean":16.666,"over50":0,"over100":0}
      rafJs={"n":481,"totalMs":95.3,"maxMs":0.4,"meanMs":0.1981} domNodes=1293 dprReadBack=2
      longtask={"supported":true,"count":0,"err":null}
      loaf={"supported":true,"count":0,"err":null}
      cdpWindowMs=8012 absentFields=["Paint","CompositeLayers","Layout","RecalcStyle"]
=== [11:07:09 load=5.77] chromium dpr=2 cell=hover-tray target=minimal rep=2  port=18878
    OK chromium dpr=2 cell=hover-tray rep=2 -> /home/CNS2026495165/dsh/.workspace/lag-fix/incident2/gecko-vs-blink/raw/run-chromium-dpr2-hover-tray-r2.json
      frameStats.collector={"n":480,"p50":16.7,"p95":16.7,"p99":16.8,"max":16.8,"mean":16.666,"over50":0,"over100":0}
      frameStats.page     ={"n":480,"p50":16.7,"p95":16.7,"p99":16.8,"max":16.8,"mean":16.666,"over50":0,"over100":0}
      rafJs={"n":481,"totalMs":91.7,"maxMs":0.5,"meanMs":0.1906} domNodes=1293 dprReadBack=2
      longtask={"supported":true,"count":0,"err":null}
      loaf={"supported":true,"count":0,"err":null}
      cdpWindowMs=8014 absentFields=["Paint","CompositeLayers","Layout","RecalcStyle"]
=== [11:07:21 load=5.80] firefox dpr=2 cell=hover-tray target=minimal rep=1  port=18879
    OK firefox dpr=2 cell=hover-tray rep=1 -> /home/CNS2026495165/dsh/.workspace/lag-fix/incident2/gecko-vs-blink/raw/run-firefox-dpr2-hover-tray-r1.json
      frameStats.collector={"n":480,"p50":17.06,"p95":17.08,"p99":17.1,"max":33.2,"mean":16.701,"over50":0,"over100":0}
      frameStats.page     ={"n":480,"p50":17.06,"p95":17.08,"p99":17.1,"max":33.2,"mean":16.701,"over50":0,"over100":0}
      rafJs={"n":481,"totalMs":2838,"maxMs":15,"meanMs":5.9002} domNodes=1293 dprReadBack=2
      longtask={"supported":true,"count":0,"err":null}
      loaf={"supported":true,"count":0,"err":null}
=== [11:07:34 load=5.63] firefox dpr=2 cell=hover-tray target=minimal rep=2  port=18880
    OK firefox dpr=2 cell=hover-tray rep=2 -> /home/CNS2026495165/dsh/.workspace/lag-fix/incident2/gecko-vs-blink/raw/run-firefox-dpr2-hover-tray-r2.json
      frameStats.collector={"n":480,"p50":17.06,"p95":17.08,"p99":17.08,"max":17.1,"mean":16.667,"over50":0,"over100":0}
      frameStats.page     ={"n":480,"p50":17.06,"p95":17.08,"p99":17.08,"max":17.1,"mean":16.667,"over50":0,"over100":0}
      rafJs={"n":481,"totalMs":3186,"maxMs":14,"meanMs":6.6237} domNodes=1293 dprReadBack=2
      longtask={"supported":true,"count":0,"err":null}
      loaf={"supported":true,"count":0,"err":null}
=== [11:07:47 load=5.76] chromium dpr=1 cell=dom-lefttop target=minimal rep=1  port=18881
    OK chromium dpr=1 cell=dom-lefttop rep=1 -> /home/CNS2026495165/dsh/.workspace/lag-fix/incident2/gecko-vs-blink/raw/run-chromium-dpr1-dom-lefttop-r1.json
      frameStats.collector={"n":479,"p50":16.7,"p95":16.8,"p99":16.8,"max":16.8,"mean":16.666,"over50":0,"over100":0}
      frameStats.page     ={"n":479,"p50":16.7,"p95":16.8,"p99":16.8,"max":16.8,"mean":16.666,"over50":0,"over100":0}
      rafJs={"n":480,"totalMs":4.8,"maxMs":0.1,"meanMs":0.01} domNodes=1329 dprReadBack=1
      longtask={"supported":true,"count":0,"err":null}
      loaf={"supported":true,"count":0,"err":null}
      cdpWindowMs=8009 absentFields=["Paint","CompositeLayers","Layout","RecalcStyle"]
=== [11:07:58 load=6.35] chromium dpr=1 cell=dom-lefttop target=minimal rep=2  port=18882
    OK chromium dpr=1 cell=dom-lefttop rep=2 -> /home/CNS2026495165/dsh/.workspace/lag-fix/incident2/gecko-vs-blink/raw/run-chromium-dpr1-dom-lefttop-r2.json
      frameStats.collector={"n":480,"p50":16.7,"p95":16.7,"p99":16.8,"max":16.8,"mean":16.666,"over50":0,"over100":0}
      frameStats.page     ={"n":480,"p50":16.7,"p95":16.7,"p99":16.8,"max":16.8,"mean":16.666,"over50":0,"over100":0}
      rafJs={"n":481,"totalMs":5.6,"maxMs":0.1,"meanMs":0.0116} domNodes=1329 dprReadBack=1
      longtask={"supported":true,"count":0,"err":null}
      loaf={"supported":true,"count":0,"err":null}
      cdpWindowMs=8008 absentFields=["Paint","CompositeLayers","Layout","RecalcStyle"]
=== [11:08:10 load=6.14] firefox dpr=1 cell=dom-lefttop target=minimal rep=1  port=18883
    OK firefox dpr=1 cell=dom-lefttop rep=1 -> /home/CNS2026495165/dsh/.workspace/lag-fix/incident2/gecko-vs-blink/raw/run-firefox-dpr1-dom-lefttop-r1.json
      frameStats.collector={"n":480,"p50":17.06,"p95":17.08,"p99":17.08,"max":17.1,"mean":16.667,"over50":0,"over100":0}
      frameStats.page     ={"n":480,"p50":17.06,"p95":17.08,"p99":17.08,"max":17.1,"mean":16.667,"over50":0,"over100":0}
      rafJs={"n":481,"totalMs":15,"maxMs":1,"meanMs":0.0312} domNodes=1329 dprReadBack=1
      longtask={"supported":true,"count":0,"err":null}
      loaf={"supported":true,"count":0,"err":null}
=== [11:08:23 load=6.43] firefox dpr=1 cell=dom-lefttop target=minimal rep=2  port=18884
    OK firefox dpr=1 cell=dom-lefttop rep=2 -> /home/CNS2026495165/dsh/.workspace/lag-fix/incident2/gecko-vs-blink/raw/run-firefox-dpr1-dom-lefttop-r2.json
      frameStats.collector={"n":481,"p50":17.06,"p95":17.08,"p99":17.1,"max":17.1,"mean":16.666,"over50":0,"over100":0}
      frameStats.page     ={"n":481,"p50":17.06,"p95":17.08,"p99":17.1,"max":17.1,"mean":16.666,"over50":0,"over100":0}
      rafJs={"n":482,"totalMs":13,"maxMs":1,"meanMs":0.027} domNodes=1329 dprReadBack=1
      longtask={"supported":true,"count":0,"err":null}
      loaf={"supported":true,"count":0,"err":null}
=== [11:08:36 load=6.89] chromium dpr=1 cell=dom-lefttop target=minimal rep=1 --reflow=1 port=18885
    OK chromium dpr=1 cell=dom-lefttop rep=1 -> /home/CNS2026495165/dsh/.workspace/lag-fix/incident2/gecko-vs-blink/raw/run-chromium-dpr1-dom-lefttop-r1-reflow.json
      frameStats.collector={"n":479,"p50":16.7,"p95":16.7,"p99":16.8,"max":16.8,"mean":16.666,"over50":0,"over100":0}
      frameStats.page     ={"n":479,"p50":16.7,"p95":16.7,"p99":16.8,"max":16.8,"mean":16.666,"over50":0,"over100":0}
      rafJs={"n":480,"totalMs":5.6,"maxMs":0.2,"meanMs":0.0117} domNodes=1330 dprReadBack=1
      longtask={"supported":true,"count":0,"err":null}
      loaf={"supported":true,"count":0,"err":null}
      cdpWindowMs=8010 absentFields=["Paint","CompositeLayers","Layout","RecalcStyle"]
=== [11:08:48 load=6.67] chromium dpr=1 cell=dom-lefttop target=minimal rep=2 --reflow=1 port=18886
    OK chromium dpr=1 cell=dom-lefttop rep=2 -> /home/CNS2026495165/dsh/.workspace/lag-fix/incident2/gecko-vs-blink/raw/run-chromium-dpr1-dom-lefttop-r2-reflow.json
      frameStats.collector={"n":480,"p50":16.7,"p95":16.7,"p99":16.8,"max":16.8,"mean":16.666,"over50":0,"over100":0}
      frameStats.page     ={"n":480,"p50":16.7,"p95":16.7,"p99":16.8,"max":16.8,"mean":16.666,"over50":0,"over100":0}
      rafJs={"n":481,"totalMs":5.7,"maxMs":0.2,"meanMs":0.0119} domNodes=1329 dprReadBack=1
      longtask={"supported":true,"count":0,"err":null}
      loaf={"supported":true,"count":0,"err":null}
      cdpWindowMs=8009 absentFields=["Paint","CompositeLayers","Layout","RecalcStyle"]
=== [11:09:00 load=7.13] firefox dpr=1 cell=dom-lefttop target=minimal rep=1 --reflow=1 port=18887
    OK firefox dpr=1 cell=dom-lefttop rep=1 -> /home/CNS2026495165/dsh/.workspace/lag-fix/incident2/gecko-vs-blink/raw/run-firefox-dpr1-dom-lefttop-r1-reflow.json
      frameStats.collector={"n":479,"p50":17.06,"p95":17.08,"p99":17.08,"max":17.08,"mean":16.666,"over50":0,"over100":0}
      frameStats.page     ={"n":479,"p50":17.06,"p95":17.08,"p99":17.08,"max":17.08,"mean":16.666,"over50":0,"over100":0}
      rafJs={"n":480,"totalMs":9,"maxMs":1,"meanMs":0.0187} domNodes=1330 dprReadBack=1
      longtask={"supported":true,"count":0,"err":null}
      loaf={"supported":true,"count":0,"err":null}
=== [11:09:12 load=7.11] firefox dpr=1 cell=dom-lefttop target=minimal rep=2 --reflow=1 port=18888
    OK firefox dpr=1 cell=dom-lefttop rep=2 -> /home/CNS2026495165/dsh/.workspace/lag-fix/incident2/gecko-vs-blink/raw/run-firefox-dpr1-dom-lefttop-r2-reflow.json
      frameStats.collector={"n":480,"p50":17.06,"p95":17.08,"p99":17.1,"max":17.28,"mean":16.667,"over50":0,"over100":0}
      frameStats.page     ={"n":480,"p50":17.06,"p95":17.08,"p99":17.1,"max":17.28,"mean":16.667,"over50":0,"over100":0}
      rafJs={"n":481,"totalMs":19,"maxMs":2,"meanMs":0.0395} domNodes=1330 dprReadBack=1
      longtask={"supported":true,"count":0,"err":null}
      loaf={"supported":true,"count":0,"err":null}
=== [11:09:25 load=6.72] chromium dpr=1 cell=hover-blur target=minimal rep=1  port=18889
    OK chromium dpr=1 cell=hover-blur rep=1 -> /home/CNS2026495165/dsh/.workspace/lag-fix/incident2/gecko-vs-blink/raw/run-chromium-dpr1-hover-blur-r1.json
      frameStats.collector={"n":479,"p50":16.7,"p95":16.7,"p99":16.8,"max":16.8,"mean":16.666,"over50":0,"over100":0}
      frameStats.page     ={"n":479,"p50":16.7,"p95":16.7,"p99":16.8,"max":16.8,"mean":16.666,"over50":0,"over100":0}
      rafJs={"n":480,"totalMs":106,"maxMs":2.8,"meanMs":0.2208} domNodes=1293 dprReadBack=1
      longtask={"supported":true,"count":0,"err":null}
      loaf={"supported":true,"count":0,"err":null}
      cdpWindowMs=8009 absentFields=["Paint","CompositeLayers","Layout","RecalcStyle"]
=== [11:09:37 load=6.53] firefox dpr=1 cell=hover-blur target=minimal rep=1  port=18890
    OK firefox dpr=1 cell=hover-blur rep=1 -> /home/CNS2026495165/dsh/.workspace/lag-fix/incident2/gecko-vs-blink/raw/run-firefox-dpr1-hover-blur-r1.json
      frameStats.collector={"n":480,"p50":17.06,"p95":17.08,"p99":17.08,"max":17.1,"mean":16.666,"over50":0,"over100":0}
      frameStats.page     ={"n":480,"p50":17.06,"p95":17.08,"p99":17.08,"max":17.1,"mean":16.666,"over50":0,"over100":0}
      rafJs={"n":481,"totalMs":829,"maxMs":3,"meanMs":1.7235} domNodes=1293 dprReadBack=1
      longtask={"supported":true,"count":0,"err":null}
      loaf={"supported":true,"count":0,"err":null}
=== [11:09:50 load=6.30] chromium dpr=1 cell=idle-floor target=dsh rep=1  port=18891
    FAIL page.evaluate: TypeError: Converting circular structure to JSON
        --> starting at object with constructor 'HTMLDivElement'
        |     property '__reactFiber$zhdqfibakx' -> object with constructor 'e5'
        --- property 'stateNode' closes the circle
        at JSON.stringify (<anonymous>)
        at eval (eval at evaluate (:234:30), <anonymous>:27:15)
        at eval (eval at evaluate (:234:30), <anonymous>:28:3)
        at eval (<anonymous>)
        at UtilityScript.evaluate (<anonymous>:234:30)
        at UtilityScript.<anonymous> (<anonymous>:1:44)
=== [11:10:02 load=5.64] chromium dpr=1 cell=idle-floor target=dsh rep=2  port=18892
    FAIL page.evaluate: TypeError: Converting circular structure to JSON
        --> starting at object with constructor 'HTMLDivElement'
        |     property '__reactFiber$c2z88y30x25' -> object with constructor 'e5'
        --- property 'stateNode' closes the circle
        at JSON.stringify (<anonymous>)
        at eval (eval at evaluate (:234:30), <anonymous>:27:15)
        at eval (eval at evaluate (:234:30), <anonymous>:28:3)
        at eval (<anonymous>)
        at UtilityScript.evaluate (<anonymous>:234:30)
        at UtilityScript.<anonymous> (<anonymous>:1:44)
=== [11:10:14 load=5.26] firefox dpr=1 cell=idle-floor target=dsh rep=1  port=18893
    FAIL page exception: TypeError: cyclic object value 
=== [11:10:37 load=4.92] firefox dpr=1 cell=idle-floor target=dsh rep=2  port=18894
    FAIL page exception: TypeError: cyclic object value 
[campaign 337298] done at 2026-09-22T11:11:00+08:00
