{
 "elapsedMs": 90726,
 "aborted": false,
 "runs": [],
 "plugins": {
  "firstMountMs": 25.6,
  "usage": [
   "summary 200 nullms 270B valid=true",
   "timeseries 200 nullms 932B valid=true",
   "heatmap 200 nullms 1390B valid=true",
   "byModel 200 nullms 950B valid=true",
   "byProject 200 nullms 1041B valid=true",
   "timeseries 200 nullms 775B valid=true",
   "sessions 200 nullms 53697B valid=true",
   "status 200 nullms 310B valid=true",
   "byDay 200 nullms 932B valid=true"
  ],
  "pollUsage": 7,
  "returnMs": 26.1,
  "remountRefetched": true
 }
}
