[lock] 初始 {"exists":true,"owner":"incident2-regression (raf-face theme-sync A/B)","pid":"101437","line":"label=raf-base-r2","mine":false}
[lock-wait] 0s attempts=1 owner=incident2-regression (raf-face theme-sync A/B) pid=101437 alive=true
[lock-wait] 11s attempts=40 owner=incident2-regression (raf-face theme-sync A/B) pid=101437 alive=true
[lock-wait] 22s attempts=80 owner=incident2-regression (raf-face theme-sync A/B) pid=101437 alive=true
[lock-wait] 33s attempts=120 owner=incident2-regression (raf-face theme-sync A/B) pid=101437 alive=true
[lock-wait] 44s attempts=160 owner=incident2-regression (raf-face theme-sync A/B) pid=101437 alive=true
[lock-wait] 54s attempts=200 owner=incident2-regression (raf-face theme-sync A/B) pid=101437 alive=true
[lock-wait] 66s attempts=240 owner=incident2-regression (raf-face theme-sync A/B) pid=101437 alive=true
[lock-wait] 77s attempts=280 owner=incident2-regression (raf-face theme-sync A/B) pid=101437 alive=true
[lock-wait] 88s attempts=320 owner=incident2-regression (raf-face theme-sync A/B) pid=101437 alive=true
[lock-wait] 99s attempts=360 owner=incident2-regression (raf-face theme-sync A/B) pid=101437 alive=true
[lock-wait] 110s attempts=400 owner=incident2-regression (raf-face theme-sync A/B) pid=101437 alive=true
[lock-wait] 121s attempts=440 owner=incident2-regression (raf-face theme-sync A/B) pid=101437 alive=true
[lock-wait] 132s attempts=480 owner=incident2-regression (raf-face theme-sync A/B) pid=101437 alive=true
[lock-wait] 143s attempts=520 owner=incident2-regression (raf-face theme-sync A/B) pid=101437 alive=true
[lock-wait] 154s attempts=560 owner=incident2-regression (raf-face theme-sync A/B) pid=101437 alive=true
[lock-wait] 165s attempts=600 owner=incident2-regression (raf-face theme-sync A/B) pid=101437 alive=true
[lock] 原子取得（attempt 601, 165s）
[nav] domcontentloaded at +418ms
[settle] quiet after 4201ms (nav->settle 4619ms)
[clock] page.timeOrigin=1790044586422.6 node.timeOrigin=1790044421133.6 Δ=165289.0ms  evalRTT=0.7ms ⇒ 换算误差界 ±0.4ms
[STALL] seq=32 /api/host.describe 953.3ms (phase=pending)
[STALL] seq=33 /usage/status 162.3ms (phase=pending)
[STALL] seq=39 /usage/status 107.0ms (phase=pending)
[pre] 3000ms 结束：累计拍数=43（循环是否在跑=true）
[click] anchor=1790044594105.0 来源=pointerdown-captured(页内捕获) 不确定度=±0.0ms  夹逼宽=58.7ms err=none
[STALL] seq=99 /usage/status 104.6ms (phase=pending)
[diag] beats=122 首拍 t0-anchor=-3050.1 末拍 t0-anchor=2999.1
[diag] 窗内拍数 pre=43 click±500=39 post=78；探针自我饿住 idleExcess p50=0.0 max=0.0
[diag] 点击→设置面板可见 = 未采到（INCONCLUSIVE）；页内可见性轮询最大间隔=n/ams；页内 rpcTimeline=0 条；墙钟残差=-1.0ms
[summary pre]           n=43 p50=9.2 p95=103.9 max=953.3
[summary click±500ms]   n=39 p50=10.5 p95=78.7 max=162.3
[summary post3s]        n=78 p50=7.7 p95=50.8 max=104.6
[stalls>=100ms in click window] 2
[out] raw/click-run3.json
[lock] 释放跳过：owner=incident2-regression (raf-face theme-sync A/B)（不是本线，绝不清理他人记账）
