[lock] 初始 {"exists":true,"owner":"incident2-conditions","pid":null,"line":"conditions-matrix","mine":false}
[lock-wait] 0s attempts=1 owner=incident2-conditions pid=null alive=false
[lock] 原子取得（attempt 4, 1s）
[nav] domcontentloaded at +94ms
[settle] quiet after 2401ms (nav->settle 2495ms)
[clock] page.timeOrigin=1790045106588.5 node.timeOrigin=1790045105525.2 Δ=1063.3ms  evalRTT=0.6ms ⇒ 换算误差界 ±0.3ms
[STALL] seq=42 /api/host.describe 113.2ms (phase=pending)
[pre] 3000ms 结束：累计拍数=60（循环是否在跑=true）
[click] anchor=1790045112134.0 来源=pointerdown-captured(页内捕获) 不确定度=±0.0ms  夹逼宽=43.8ms err=none
[STALL] seq=60 /api/host.describe 100.5ms (phase=pending)
[STALL] seq=70 /api/host.describe 109.3ms (phase=pending)
[STALL] seq=104 /api/host.describe 143.9ms (phase=pending)
[diag] beats=122 首拍 t0-anchor=-3036.6 末拍 t0-anchor=3012.5
[diag] 窗内拍数 pre=60 click±500=20 post=60；探针自我饿住 idleExcess p50=0.0 max=0.0
[diag] 点击→设置面板可见 = 未采到（INCONCLUSIVE）；页内可见性轮询最大间隔=n/ams；页内 rpcTimeline=0 条；墙钟残差=-0.8ms
[summary pre]           n=60 p50=23.6 p95=87.6 max=113.2
[summary click±500ms]   n=20 p50=36.9 p95=100.9 max=109.3
[summary post3s]        n=60 p50=30.9 p95=72.5 max=143.9
[stalls>=100ms in click window] 2
[out] raw/click-run4.json
[lock] 已释放
