[lock] 初始 {"exists":true,"owner":"incident2-conditions","pid":null,"line":"conditions-matrix","mine":false}
[lock-wait] 0s attempts=1 owner=incident2-conditions pid=null alive=false
[lock-wait] 11s attempts=40 owner=incident2-conditions pid=null alive=false
[lock-wait] 23s attempts=80 owner=incident2-conditions pid=null alive=false
[lock-wait] 34s attempts=120 owner=incident2-regression (raf-face theme-sync A/B) pid=299905 alive=true
[lock-wait] 45s attempts=160 owner=incident2-regression (raf-face theme-sync A/B) pid=299905 alive=true
[lock-wait] 56s attempts=200 owner=incident2-regression (raf-face theme-sync A/B) pid=300272 alive=true
[lock] 原子取得（attempt 232, 65s）
[concurrency] EXCLUSIVE  loadavg=4.71 4.86 5.11 4/2949 300511  外来 chromium=0  (无外来 chromium 进程)
[nav] domcontentloaded at +60ms
[settle] quiet after 3202ms (nav->settle 3262ms)
[clock] page.timeOrigin=1790045604105.2 node.timeOrigin=1790045538694.7 Δ=65410.5ms  evalRTT=0.5ms ⇒ 换算误差界 ±0.3ms
[pre] 3000ms 结束：累计拍数=61（循环是否在跑=true）
[click] anchor=1790045610412.5 来源=pointerdown-captured(页内捕获) 不确定度=±0.0ms  夹逼宽=36.6ms err=none
[diag] beats=121 首拍 t0-anchor=-3032.4 末拍 t0-anchor=2966.3
[diag] 窗内拍数 pre=60 click±500=20 post=60；探针自我饿住 idleExcess p50=0.0 max=0.0
[diag] 点击→设置面板可见 = 未采到（INCONCLUSIVE）；页内可见性轮询最大间隔=n/ams；页内 rpcTimeline=0 条；墙钟残差=-0.6ms
[summary pre]           n=60 p50=4.9 p95=9.1 max=40.4
[summary click±500ms]   n=20 p50=5.0 p95=6.7 max=9.4
[summary post3s]        n=60 p50=4.9 p95=8.9 max=10.7
[stalls>=100ms in click window] 0
[out] raw/click-run8.json
[lock] 已释放
