{
 "out": "/home/CNS2026495165/dsh/.workspace/lag-fix/research-v2/slot-churn/raw/slot-churn-main4.json",
 "premise": {
  "version": 1,
  "inject": 1,
  "onCommitFiberRoot": 1199,
  "onPostCommitFiberRoot": 987,
  "hookPreexisting": false,
  "injected": [
   {
    "rendererPackageName": "react-dom",
    "version": "18.3.1",
    "bundleType": 0
   }
  ],
  "rendererPackageName": [
   "react-dom"
  ],
  "rendererVersion": [
   "18.3.1"
  ],
  "bundleType": [
   0
  ],
  "commits": 1199,
  "hostResolve": {
   "attempts": 13943,
   "ok": false,
   "how": null,
   "err": "no ancestor hook exposes getVersion; ancestor component hooks=[{\"fiber\":\"SettingsPanel\",\"tag\":0,\"hooks\":[\"string\",\"obj{tag|create|destroy|deps|next}\",\"obj{current}\",\"obj{tag|create|destroy|deps|next}\"]},{\"fiber\":\"SettingsRoot\",\"tag\":0,\"hooks\":[\"boolean\",\"string\",\"obj{}\",\"arr\",\"arr\",\"obj{current}\",\"arr\",\"arr\",\"obj{tag|create|destroy|deps|next}\",\"obj{tag|create|destroy|deps|next}\",\"obj{current}\",\"arr\"]},{\"fiber\":\"RootEntry\",\"tag\":0,\"hooks\":[]},{\"fiber\":\"SlotErrorBoundary\",\"tag\":1,\"hooks\":[\"undefined\"]},{\"fiber\":\"SlotOutlet\",\"tag\":0,\"hooks\":[\"number\",\"obj{tag|create|destroy|deps|next}\",\"number\",\"obj{tag|create|destroy|deps|next}\"]},{\"fiber\":\"SidebarRoot\",\"tag\":0,\"hooks\":[\"boolean\",\"obj{tag|create|destroy|deps|next}\",\"obj{current}\",\"obj{current}\",\"obj{current}\",\"boolean\",\"obj{current}\",\"obj{tag|create|destroy|deps|next}\"]},{\"fiber\":\"RootEntry\",\"tag\":0,\"hooks\":[]},{\"fiber\":\"SlotErrorBoundary\",\"tag\":1,\"hooks\":[\"undefined\"]},{\"fiber\":\"SlotOutlet\",\"tag\":0,\"hooks\":[\"number\",\"obj{tag|create|destroy|deps|next}\",\"number\",\"obj{tag|create|destroy|deps|next}\"]},{\"fiber\":\"AppFrame\",\"tag\":0,\"hooks\":[\"obj{current}\",\"arr\",\"obj{sidebar|details|narrow|narrowExpanded}\",\"obj{tag|create|destroy|deps|next}\",\"obj{tag|create|destroy|deps|next}\",\"obj{current}\",\"arr\",\"undefined\",\"obj{tag|create|destroy|deps|next}\",\"obj{tag|create|destroy|deps|next}\",\"obj{current}\",\"number\"]},{\"fiber\":\"RootEntry\",\"tag\":0,\"hooks\":[]},{\"fiber\":\"SlotErrorBoundary\",\"tag\":1,\"hooks\":[\"undefined\"]},{\"fiber\":\"RootOutlet\",\"tag\":0,\"hooks\":[\"number\",\"obj{tag|create|destroy|deps|next}\",\"number\",\"obj{tag|create|destroy|deps|next}\"]},{\"fiber\":\"SessionMaybeProvider\",\"tag\":0,\"hooks\":[\"obj{current}\",\"arr\",\"obj{sessionId|hooks|props|projections}\",\"obj{tag|create|destroy|deps|next}\",\"obj{tag|create|destroy|deps|next}\"]},{\"fiber\":\"BootHandoff\",\"tag\":0,\"hooks\":[\"boolean\",\"obj{tag|create|destroy|deps|next}\"]}]",
   "diag": [
    {
     "fiber": "SettingsPanel",
     "tag": 0,
     "hooks": [
      "string",
      "obj{tag|create|destroy|deps|next}",
      "obj{current}",
      "obj{tag|create|destroy|deps|next}"
     ]
    },
    {
     "fiber": "SettingsRoot",
     "tag": 0,
     "hooks": [
      "boolean",
      "string",
      "obj{}",
      "arr",
      "arr",
      "obj{current}",
      "arr",
      "arr",
      "obj{tag|create|destroy|deps|next}",
      "obj{tag|create|destroy|deps|next}",
      "obj{current}",
      "arr"
     ]
    },
    {
     "fiber": "RootEntry",
     "tag": 0,
     "hooks": []
    },
    {
     "fiber": "SlotErrorBoundary",
     "tag": 1,
     "hooks": [
      "undefined"
     ]
    },
    {
     "fiber": "SlotOutlet",
     "tag": 0,
     "hooks": [
      "number",
      "obj{tag|create|destroy|deps|next}",
      "number",
      "obj{tag|create|destroy|deps|next}"
     ]
    },
    {
     "fiber": "SidebarRoot",
     "tag": 0,
     "hooks": [
      "boolean",
      "obj{tag|create|destroy|deps|next}",
      "obj{current}",
      "obj{current}",
      "obj{current}",
      "boolean",
      "obj{current}",
      "obj{tag|create|destroy|deps|next}"
     ]
    },
    {
     "fiber": "RootEntry",
     "tag": 0,
     "hooks": []
    },
    {
     "fiber": "SlotErrorBoundary",
     "tag": 1,
     "hooks": [
      "undefined"
     ]
    },
    {
     "fiber": "SlotOutlet",
     "tag": 0,
     "hooks": [
      "number",
      "obj{tag|create|destroy|deps|next}",
      "number",
      "obj{tag|create|destroy|deps|next}"
     ]
    },
    {
     "fiber": "AppFrame",
     "tag": 0,
     "hooks": [
      "obj{current}",
      "arr",
      "obj{sidebar|details|narrow|narrowExpanded}",
      "obj{tag|create|destroy|deps|next}",
      "obj{tag|create|destroy|deps|next}",
      "obj{current}",
      "arr",
      "undefined",
      "obj{tag|create|destroy|deps|next}",
      "obj{tag|create|destroy|deps|next}",
      "obj{current}",
      "number"
     ]
    },
    {
     "fiber": "RootEntry",
     "tag": 0,
     "hooks": []
    },
    {
     "fiber": "SlotErrorBoundary",
     "tag": 1,
     "hooks": [
      "undefined"
     ]
    },
    {
     "fiber": "RootOutlet",
     "tag": 0,
     "hooks": [
      "number",
      "obj{tag|create|destroy|deps|next}",
      "number",
      "obj{tag|create|destroy|deps|next}"
     ]
    },
    {
     "fiber": "SessionMaybeProvider",
     "tag": 0,
     "hooks": [
      "obj{current}",
      "arr",
      "obj{sessionId|hooks|props|projections}",
      "obj{tag|create|destroy|deps|next}",
      "obj{tag|create|destroy|deps|next}"
     ]
    },
    {
     "fiber": "BootHandoff",
     "tag": 0,
     "hooks": [
      "boolean",
      "obj{tag|create|destroy|deps|next}"
     ]
    }
   ]
  },
  "micro": {
   "scheduled": 3255,
   "invoked": 3255,
   "dropped": 0
  },
  "versionPollCount": 0,
  "versionTransitions": 0,
  "createHook": "no create",
  "coreCandidatesSeen": [],
  "slotCoreClassSeen": false,
  "hostCapture": {
   "installed": false,
   "how": null,
   "renderRootCalls": 0,
   "subscribeCalls": 0,
   "getVersionCalls": 0
  },
  "coreHook": {
   "installed": false,
   "how": null,
   "err": "SlotCore not found via __ModuleLoader__ yet (0 module candidates)",
   "bumpCount": 0,
   "perKey": {},
   "perStack": {}
  },
  "errors": []
 },
 "lock": {
  "acquired": false,
  "waitedMs": 15006,
  "attempts": 2,
  "preempted": false,
  "holderAtBoot": {
   "present": true,
   "owner": "agent: tab-profile\nline: per-tab settings jank profile (.workspace/lag-fix/research-v2/tab-profile)\npurpose: --phase=all browser probe batch\nowner_pid: 2311184   # the probe process; preemption checks THIS\nhost_pid: 1390375   # monitored GUI host (node dsh web); never restarted, not the owner\nstarted_at: 2026-09-21T07:44:41.988+08:00\nstarted_epoch: 1789976681\ntoken: CNS202649516533-2311184-c9vng7qc\n",
   "mtimeIso": "2026-09-21T07:44:41.988Z"
  },
  "contended": true
 },
 "censusBoot": {
  "foreign": 19,
  "shells": 19
 },
 "censusEnd": {
  "foreign": 25,
  "shells": 25
 },
 "windows": [
  {
   "name": "S1-active-open-general",
   "valid": false,
   "invalidReasons": [
    "renderer host not resolved (slot versions unreadable)"
   ],
   "commits": 321,
   "commitsPerSec": 5.32,
   "sessionFrames": 9194,
   "ancestorRendersOverWindow": {
    "SettingsPanel": 321,
    "SettingsRoot": 321,
    "RootEntry": 321,
    "SlotErrorBoundary": 321,
    "SlotOutlet": 321,
    "SidebarRoot": 0,
    "AppFrame": 0,
    "RootOutlet": 0,
    "SessionMaybeProvider": 0
   },
   "ancestorChain": [
    "SettingsPanel",
    "SettingsRoot",
    "RootEntry",
    "SlotErrorBoundary",
    "SlotOutlet",
    "SidebarRoot",
    "RootEntry",
    "SlotErrorBoundary"
   ],
   "panelRendersPerCommit": 1,
   "settingsSubtreeRendersPerCommit": 36,
   "domStableCommits": 321,
   "domChangedCommits": 0,
   "commitsWithVersionDelta": 0,
   "versionTransitionCount": 0,
   "versionTransitionKeys": {},
   "coreHook": {
    "installed": false,
    "how": null,
    "bumpsInWindow": 0,
    "perKey": {},
    "perStack": {}
   },
   "coreBumpsPerSec": 0,
   "versionDeltaKeysOnCommits": {},
   "pureNoChangeButPanelRenderedCommits": 321,
   "hostResolve": false
  },
  {
   "name": "S2-active-open-general",
   "valid": false,
   "invalidReasons": [
    "renderer host not resolved (slot versions unreadable)"
   ],
   "commits": 170,
   "commitsPerSec": 2.8,
   "sessionFrames": 890,
   "ancestorRendersOverWindow": {
    "SettingsPanel": 170,
    "SettingsRoot": 170,
    "RootEntry": 170,
    "SlotErrorBoundary": 170,
    "SlotOutlet": 170,
    "SidebarRoot": 0,
    "AppFrame": 0,
    "RootOutlet": 0,
    "SessionMaybeProvider": 0
   },
   "ancestorChain": [
    "SettingsPanel",
    "SettingsRoot",
    "RootEntry",
    "SlotErrorBoundary",
    "SlotOutlet",
    "SidebarRoot",
    "RootEntry",
    "SlotErrorBoundary"
   ],
   "panelRendersPerCommit": 1,
   "settingsSubtreeRendersPerCommit": 36,
   "domStableCommits": 170,
   "domChangedCommits": 0,
   "commitsWithVersionDelta": 0,
   "versionTransitionCount": 0,
   "versionTransitionKeys": {},
   "coreHook": {
    "installed": false,
    "how": null,
    "bumpsInWindow": 0,
    "perKey": {},
    "perStack": {}
   },
   "coreBumpsPerSec": 0,
   "versionDeltaKeysOnCommits": {},
   "pureNoChangeButPanelRenderedCommits": 170,
   "hostResolve": false
  },
  {
   "name": "S3-active-open-models",
   "valid": false,
   "invalidReasons": [
    "renderer host not resolved (slot versions unreadable)"
   ],
   "commits": 146,
   "commitsPerSec": 2.42,
   "sessionFrames": 171,
   "ancestorRendersOverWindow": {
    "SettingsPanel": 146,
    "SettingsRoot": 146,
    "RootEntry": 0,
    "SlotErrorBoundary": 0,
    "SlotOutlet": 0,
    "SidebarRoot": 0,
    "AppFrame": 0,
    "RootOutlet": 0,
    "SessionMaybeProvider": 0
   },
   "ancestorChain": [
    "SettingsPanel",
    "SettingsRoot",
    "RootEntry",
    "SlotErrorBoundary",
    "SlotOutlet",
    "SidebarRoot",
    "RootEntry",
    "SlotErrorBoundary"
   ],
   "panelRendersPerCommit": 1,
   "settingsSubtreeRendersPerCommit": 30,
   "domStableCommits": 146,
   "domChangedCommits": 0,
   "commitsWithVersionDelta": 0,
   "versionTransitionCount": 0,
   "versionTransitionKeys": {},
   "coreHook": {
    "installed": false,
    "how": null,
    "bumpsInWindow": 0,
    "perKey": {},
    "perStack": {}
   },
   "coreBumpsPerSec": 0,
   "versionDeltaKeysOnCommits": {},
   "pureNoChangeButPanelRenderedCommits": 146,
   "hostResolve": false
  },
  {
   "name": "S4-active-closed-control",
   "valid": false,
   "invalidReasons": [
    "renderer host not resolved (slot versions unreadable)"
   ],
   "commits": 99,
   "commitsPerSec": 1.64,
   "sessionFrames": 109,
   "ancestorRendersOverWindow": {},
   "ancestorChain": [],
   "panelRendersPerCommit": 0,
   "settingsSubtreeRendersPerCommit": 0,
   "domStableCommits": 99,
   "domChangedCommits": 0,
   "commitsWithVersionDelta": 0,
   "versionTransitionCount": 0,
   "versionTransitionKeys": {},
   "coreHook": {
    "installed": false,
    "how": null,
    "bumpsInWindow": 0,
    "perKey": {},
    "perStack": {}
   },
   "coreBumpsPerSec": 0,
   "versionDeltaKeysOnCommits": {},
   "pureNoChangeButPanelRenderedCommits": 0,
   "hostResolve": false
  },
  {
   "name": "S5-active-open-general-recheck",
   "valid": false,
   "invalidReasons": [
    "renderer host not resolved (slot versions unreadable)"
   ],
   "commits": 236,
   "commitsPerSec": 3.89,
   "sessionFrames": 4856,
   "ancestorRendersOverWindow": {
    "SettingsPanel": 236,
    "SettingsRoot": 236,
    "RootEntry": 236,
    "SlotErrorBoundary": 236,
    "SlotOutlet": 236,
    "SidebarRoot": 0,
    "AppFrame": 0,
    "RootOutlet": 0,
    "SessionMaybeProvider": 0
   },
   "ancestorChain": [
    "SettingsPanel",
    "SettingsRoot",
    "RootEntry",
    "SlotErrorBoundary",
    "SlotOutlet",
    "SidebarRoot",
    "RootEntry",
    "SlotErrorBoundary"
   ],
   "panelRendersPerCommit": 1,
   "settingsSubtreeRendersPerCommit": 47,
   "domStableCommits": 236,
   "domChangedCommits": 0,
   "commitsWithVersionDelta": 0,
   "versionTransitionCount": 0,
   "versionTransitionKeys": {},
   "coreHook": {
    "installed": false,
    "how": null,
    "bumpsInWindow": 0,
    "perKey": {},
    "perStack": {}
   },
   "coreBumpsPerSec": 0,
   "versionDeltaKeysOnCommits": {},
   "pureNoChangeButPanelRenderedCommits": 236,
   "hostResolve": false
  }
 ]
}
