[2026-09-22T02:47:19.257Z] campaign start phases=smoke,matrix,trace,gpu tag=m1 load={"l1":4.76,"l5":5.61,"l15":5.42} census={"f":4}
[2026-09-22T02:47:19.258Z] LOCK held by incident2-conditions (age 0.1min, ownPid 284315/true); retry in 3s [attempt 1, elapsed 0s]
[2026-09-22T02:47:22.727Z] LOCK held by incident2-conditions (age 0.1min, ownPid 284315/true); retry in 3s [attempt 2, elapsed 3s]
[2026-09-22T02:47:25.635Z] LOCK held by incident2-conditions (age 0.2min, ownPid 284315/true); retry in 2s [attempt 3, elapsed 6s]
[2026-09-22T02:47:27.875Z] LOCK held by incident2-conditions (age 0.2min, ownPid 284315/true); retry in 3s [attempt 4, elapsed 9s]
[2026-09-22T02:47:31.373Z] LOCK held by incident2-conditions (age 0.3min, ownPid 284315/true); retry in 3s [attempt 5, elapsed 12s]
[2026-09-22T02:47:34.498Z] LOCK held by incident2-conditions (age 0.3min, ownPid 284315/true); retry in 4s [attempt 6, elapsed 15s]
[2026-09-22T02:47:38.021Z] LOCK held by incident2-conditions (age 0.4min, ownPid 284315/true); retry in 2s [attempt 7, elapsed 19s]
[2026-09-22T02:47:40.241Z] LOCK held by incident2-conditions (age 0.4min, ownPid 284315/true); retry in 3s [attempt 8, elapsed 21s]
[2026-09-22T02:47:43.650Z] LOCK held by incident2-conditions (age 0.5min, ownPid 284315/true); retry in 2s [attempt 9, elapsed 24s]
[2026-09-22T02:47:46.003Z] LOCK held by incident2-conditions (age 0.5min, ownPid 284315/true); retry in 3s [attempt 10, elapsed 27s]
[2026-09-22T02:47:48.817Z] LOCK held by incident2-conditions (age 0.6min, ownPid 284315/true); retry in 2s [attempt 11, elapsed 30s]
[2026-09-22T02:47:50.906Z] LOCK held by incident2-conditions (age 0.6min, ownPid 284315/true); retry in 2s [attempt 12, elapsed 32s]
[2026-09-22T02:47:53.100Z] LOCK held by incident2-conditions (age 0.6min, ownPid 284315/true); retry in 3s [attempt 13, elapsed 34s]
[2026-09-22T02:47:55.905Z] LOCK held by incident2-conditions (age 0min, ownPid 286607/true); retry in 4s [attempt 14, elapsed 37s]
[2026-09-22T02:47:59.618Z] LOCK held by incident2-conditions (age 0.1min, ownPid 286607/true); retry in 3s [attempt 15, elapsed 40s]
[2026-09-22T02:48:02.498Z] LOCK held by incident2-conditions (age 0.2min, ownPid 286607/true); retry in 4s [attempt 16, elapsed 43s]
[2026-09-22T02:48:06.501Z] LOCK held by incident2-conditions (age 0.2min, ownPid 286607/true); retry in 4s [attempt 17, elapsed 47s]
[2026-09-22T02:48:10.501Z] LOCK held by incident2-conditions (age 0.3min, ownPid 286607/true); retry in 3s [attempt 18, elapsed 51s]
[2026-09-22T02:48:13.891Z] LOCK held by incident2-conditions (age 0.3min, ownPid 286607/true); retry in 3s [attempt 19, elapsed 55s]
[2026-09-22T02:48:17.243Z] LOCK held by incident2-conditions (age 0.4min, ownPid 286607/true); retry in 4s [attempt 20, elapsed 58s]
[2026-09-22T02:48:20.946Z] LOCK held by incident2-conditions (age 0.5min, ownPid 286607/true); retry in 3s [attempt 21, elapsed 62s]
[2026-09-22T02:48:24.116Z] LOCK held by incident2-conditions (age 0.5min, ownPid 286607/true); retry in 4s [attempt 22, elapsed 65s]
[2026-09-22T02:48:27.864Z] LOCK held by incident2-conditions (age 0.6min, ownPid 286607/true); retry in 3s [attempt 23, elapsed 69s]
[2026-09-22T02:48:30.512Z] LOCK held by incident2-conditions (age 0.6min, ownPid 286607/true); retry in 2s [attempt 24, elapsed 71s]
[2026-09-22T02:48:32.808Z] LOCK held by incident2-conditions (age 0.7min, ownPid 286607/true); retry in 2s [attempt 25, elapsed 74s]
[2026-09-22T02:48:35.252Z] LOCK held by incident2-conditions (age 0.7min, ownPid 286607/true); retry in 3s [attempt 26, elapsed 76s]
[2026-09-22T02:48:38.230Z] LOCK held by incident2-conditions (age 0.8min, ownPid 286607/true); retry in 4s [attempt 27, elapsed 79s]
[2026-09-22T02:48:41.808Z] LOCK held by incident2-conditions (age 0.8min, ownPid 286607/true); retry in 3s [attempt 28, elapsed 83s]
[2026-09-22T02:48:44.584Z] LOCK held by incident2-conditions (age 0min, ownPid 290853/true); retry in 3s [attempt 29, elapsed 85s]
[2026-09-22T02:48:47.407Z] LOCK held by incident2-conditions (age 0.1min, ownPid 290853/true); retry in 3s [attempt 30, elapsed 88s]
[2026-09-22T02:48:50.877Z] LOCK held by incident2-conditions (age 0.1min, ownPid 290853/true); retry in 2s [attempt 31, elapsed 92s]
[2026-09-22T02:48:53.057Z] LOCK held by incident2-conditions (age 0.2min, ownPid 290853/true); retry in 4s [attempt 32, elapsed 94s]
[2026-09-22T02:48:56.679Z] LOCK held by incident2-conditions (age 0.2min, ownPid 290853/true); retry in 4s [attempt 33, elapsed 97s]
[2026-09-22T02:49:00.572Z] LOCK held by incident2-conditions (age 0.3min, ownPid 290853/true); retry in 3s [attempt 34, elapsed 101s]
[2026-09-22T02:49:03.515Z] LOCK held by incident2-conditions (age 0.3min, ownPid 290853/true); retry in 3s [attempt 35, elapsed 104s]
[2026-09-22T02:49:06.698Z] LOCK held by incident2-conditions (age 0.4min, ownPid 290853/true); retry in 3s [attempt 36, elapsed 107s]
[2026-09-22T02:49:09.964Z] LOCK held by incident2-conditions (age 0.4min, ownPid 290853/true); retry in 4s [attempt 37, elapsed 111s]
[2026-09-22T02:49:13.961Z] LOCK held by incident2-conditions (age 0.5min, ownPid 290853/true); retry in 2s [attempt 38, elapsed 115s]
[2026-09-22T02:49:16.028Z] LOCK held by incident2-conditions (age 0.6min, ownPid 290853/true); retry in 2s [attempt 39, elapsed 117s]
[2026-09-22T02:49:18.366Z] LOCK held by incident2-conditions (age 0.6min, ownPid 290853/true); retry in 2s [attempt 40, elapsed 119s]
[2026-09-22T02:49:20.569Z] LOCK held by incident2-conditions (age 0.6min, ownPid 290853/true); retry in 3s [attempt 41, elapsed 121s]
[2026-09-22T02:49:23.108Z] LOCK held by incident2-conditions (age 0.7min, ownPid 290853/true); retry in 2s [attempt 42, elapsed 124s]
[2026-09-22T02:49:25.201Z] LOCK held by incident2-conditions (age 0.7min, ownPid 290853/true); retry in 2s [attempt 43, elapsed 126s]
[2026-09-22T02:49:27.534Z] LOCK held by incident2-conditions (age 0.7min, ownPid 290853/true); retry in 3s [attempt 44, elapsed 128s]
[2026-09-22T02:49:30.264Z] LOCK held by incident2-conditions (age 0.8min, ownPid 290853/true); retry in 4s [attempt 45, elapsed 131s]
[2026-09-22T02:49:34.100Z] LOCK held by incident2-conditions (age 0.9min, ownPid 290853/true); retry in 3s [attempt 46, elapsed 135s]
[2026-09-22T02:49:36.969Z] LOCK held by incident2-conditions (age 0.9min, ownPid 290853/true); retry in 2s [attempt 47, elapsed 138s]
[2026-09-22T02:49:39.374Z] LOCK held by incident2-conditions (age 0.9min, ownPid 290853/true); retry in 4s [attempt 48, elapsed 140s]
[2026-09-22T02:49:43.295Z] LOCK held by incident2-conditions (age 1min, ownPid 290853/true); retry in 3s [attempt 49, elapsed 144s]
[2026-09-22T02:49:46.305Z] LOCK held by incident2-regression (raf-face theme-sync A/B) (age ?min, ownPid 292194/true); retry in 2s [attempt 50, elapsed 147s]
[2026-09-22T02:49:48.494Z] LOCK held by incident2-regression (raf-face theme-sync A/B) (age ?min, ownPid 292194/true); retry in 3s [attempt 51, elapsed 149s]
[2026-09-22T02:49:51.481Z] LOCK held by incident2-regression (raf-face theme-sync A/B) (age ?min, ownPid 292194/true); retry in 3s [attempt 52, elapsed 152s]
[2026-09-22T02:49:54.844Z] LOCK held by incident2-regression (raf-face theme-sync A/B) (age ?min, ownPid 292194/true); retry in 2s [attempt 53, elapsed 156s]
[2026-09-22T02:49:57.153Z] LOCK held by incident2-regression (raf-face theme-sync A/B) (age ?min, ownPid 292194/true); retry in 3s [attempt 54, elapsed 158s]
[2026-09-22T02:49:59.771Z] LOCK held by incident2-regression (raf-face theme-sync A/B) (age ?min, ownPid 292194/true); retry in 3s [attempt 55, elapsed 161s]
[2026-09-22T02:50:02.380Z] LOCK held by incident2-regression (raf-face theme-sync A/B) (age ?min, ownPid 292194/true); retry in 4s [attempt 56, elapsed 163s]
[2026-09-22T02:50:06.225Z] LOCK held by incident2-regression (raf-face theme-sync A/B) (age ?min, ownPid 292194/true); retry in 3s [attempt 57, elapsed 167s]
[2026-09-22T02:50:08.869Z] LOCK held by incident2-regression (raf-face theme-sync A/B) (age ?min, ownPid 292194/true); retry in 3s [attempt 58, elapsed 170s]
[2026-09-22T02:50:11.543Z] LOCK held by incident2-regression (raf-face theme-sync A/B) (age ?min, ownPid 292194/true); retry in 3s [attempt 59, elapsed 172s]
[2026-09-22T02:50:14.292Z] LOCK held by incident2-regression (raf-face theme-sync A/B) (age ?min, ownPid 292194/true); retry in 3s [attempt 60, elapsed 175s]
[2026-09-22T02:50:16.861Z] LOCK held by incident2-regression (raf-face theme-sync A/B) (age ?min, ownPid 292194/true); retry in 4s [attempt 61, elapsed 178s]
[2026-09-22T02:50:20.692Z] LOCK held by incident2-regression (raf-face theme-sync A/B) (age ?min, ownPid 292194/true); retry in 2s [attempt 62, elapsed 181s]
[2026-09-22T02:50:22.721Z] LOCK held by incident2-regression (raf-face theme-sync A/B) (age ?min, ownPid 292194/true); retry in 4s [attempt 63, elapsed 183s]
[2026-09-22T02:50:26.374Z] LOCK held by incident2-regression (raf-face theme-sync A/B) (age ?min, ownPid 292194/true); retry in 3s [attempt 64, elapsed 187s]
[2026-09-22T02:50:29.503Z] LOCK held by incident2-regression (raf-face theme-sync A/B) (age ?min, ownPid 292194/true); retry in 3s [attempt 65, elapsed 190s]
[2026-09-22T02:50:32.644Z] LOCK held by incident2-regression (raf-face theme-sync A/B) (age ?min, ownPid 292194/true); retry in 3s [attempt 66, elapsed 193s]
[2026-09-22T02:50:35.407Z] LOCK held by incident2-regression (raf-face theme-sync A/B) (age ?min, ownPid 292194/true); retry in 3s [attempt 67, elapsed 196s]
[2026-09-22T02:50:38.264Z] LOCK held by incident2-regression (raf-face theme-sync A/B) (age ?min, ownPid 292194/true); retry in 3s [attempt 68, elapsed 199s]
[2026-09-22T02:50:40.772Z] LOCK held by incident2-regression (raf-face theme-sync A/B) (age ?min, ownPid 292194/true); retry in 3s [attempt 69, elapsed 202s]
[2026-09-22T02:50:43.784Z] LOCK held by incident2-regression (raf-face theme-sync A/B) (age ?min, ownPid 292194/true); retry in 4s [attempt 70, elapsed 205s]
[2026-09-22T02:50:47.303Z] LOCK held by unknown (age ?min, ownPid ?/null); retry in 2s [attempt 71, elapsed 208s]
[2026-09-22T02:50:49.189Z] LOCK held by unknown (age ?min, ownPid ?/null); retry in 2s [attempt 72, elapsed 210s]
[2026-09-22T02:50:51.119Z] LOCK held by unknown (age ?min, ownPid ?/null); retry in 2s [attempt 73, elapsed 212s]
[2026-09-22T02:50:53.116Z] LOCK held by unknown (age ?min, ownPid ?/null); retry in 2s [attempt 74, elapsed 214s]
[2026-09-22T02:50:54.699Z] LOCK held by unknown (age ?min, ownPid ?/null); retry in 1s [attempt 75, elapsed 215s]
[2026-09-22T02:50:55.735Z] LOCK held by unknown (age ?min, ownPid ?/null); retry in 2s [attempt 76, elapsed 216s]
[2026-09-22T02:50:57.707Z] LOCK held by incident2-conditions (age 0min, ownPid 296986/true); retry in 3s [attempt 77, elapsed 218s]
[2026-09-22T02:51:00.269Z] LOCK held by incident2-conditions (age 0.1min, ownPid 296986/true); retry in 3s [attempt 78, elapsed 221s]
[2026-09-22T02:51:02.860Z] LOCK held by incident2-conditions (age 0.1min, ownPid 296986/true); retry in 3s [attempt 79, elapsed 224s]
[2026-09-22T02:51:05.930Z] LOCK held by incident2-conditions (age 0.1min, ownPid 296986/true); retry in 3s [attempt 80, elapsed 227s]
[2026-09-22T02:51:09.390Z] LOCK held by incident2-conditions (age 0.2min, ownPid 296986/true); retry in 2s [attempt 81, elapsed 230s]
[2026-09-22T02:51:11.520Z] LOCK held by incident2-conditions (age 0.2min, ownPid 296986/true); retry in 3s [attempt 82, elapsed 232s]
[2026-09-22T02:51:14.182Z] LOCK held by incident2-conditions (age 0.3min, ownPid 296986/true); retry in 2s [attempt 83, elapsed 235s]
[2026-09-22T02:51:16.425Z] LOCK held by incident2-conditions (age 0.3min, ownPid 296986/true); retry in 3s [attempt 84, elapsed 237s]
[2026-09-22T02:51:19.336Z] LOCK held by incident2-conditions (age 0.4min, ownPid 296986/true); retry in 3s [attempt 85, elapsed 240s]
[2026-09-22T02:51:22.658Z] LOCK held by incident2-conditions (age 0.4min, ownPid 296986/true); retry in 3s [attempt 86, elapsed 243s]
[2026-09-22T02:51:25.314Z] LOCK held by incident2-conditions (age 0.5min, ownPid 296986/true); retry in 2s [attempt 87, elapsed 246s]
[2026-09-22T02:51:27.640Z] LOCK held by unknown (age ?min, ownPid ?/null); retry in 2s [attempt 88, elapsed 248s]
[2026-09-22T02:51:29.469Z] LOCK held by unknown (age ?min, ownPid ?/null); retry in 2s [attempt 89, elapsed 250s]
[2026-09-22T02:51:31.223Z] LOCK held by unknown (age ?min, ownPid ?/null); retry in 1s [attempt 90, elapsed 252s]
[2026-09-22T02:51:32.238Z] LOCK held by unknown (age ?min, ownPid ?/null); retry in 1s [attempt 91, elapsed 253s]
[2026-09-22T02:51:33.548Z] LOCK held by unknown (age ?min, ownPid ?/null); retry in 1s [attempt 92, elapsed 254s]
[2026-09-22T02:51:34.744Z] LOCK held by unknown (age ?min, ownPid ?/null); retry in 1s [attempt 93, elapsed 255s]
[2026-09-22T02:51:36.018Z] LOCK held by unknown (age ?min, ownPid ?/null); retry in 2s [attempt 94, elapsed 257s]
[2026-09-22T02:51:37.799Z] LOCK held by unknown (age ?min, ownPid ?/null); retry in 1s [attempt 95, elapsed 259s]
[2026-09-22T02:51:39.260Z] LOCK held by unknown (age ?min, ownPid ?/null); retry in 1s [attempt 96, elapsed 260s]
[2026-09-22T02:51:40.308Z] LOCK held by unknown (age ?min, ownPid ?/null); retry in 2s [attempt 97, elapsed 261s]
[2026-09-22T02:51:42.217Z] LOCK held by unknown (age ?min, ownPid ?/null); retry in 1s [attempt 98, elapsed 263s]
[2026-09-22T02:51:43.257Z] LOCK held by unknown (age ?min, ownPid ?/null); retry in 1s [attempt 99, elapsed 264s]
[2026-09-22T02:51:44.395Z] LOCK held by unknown (age ?min, ownPid ?/null); retry in 2s [attempt 100, elapsed 265s]
[2026-09-22T02:51:45.983Z] LOCK held by unknown (age ?min, ownPid ?/null); retry in 2s [attempt 101, elapsed 267s]
[2026-09-22T02:51:47.562Z] LOCK held by unknown (age ?min, ownPid ?/null); retry in 2s [attempt 102, elapsed 268s]
[2026-09-22T02:51:49.454Z] LOCK held by unknown (age ?min, ownPid ?/null); retry in 1s [attempt 103, elapsed 270s]
[2026-09-22T02:51:50.593Z] LOCK held by unknown (age ?min, ownPid ?/null); retry in 2s [attempt 104, elapsed 271s]
[2026-09-22T02:51:52.217Z] LOCK held by unknown (age ?min, ownPid ?/null); retry in 1s [attempt 105, elapsed 273s]
[2026-09-22T02:51:53.358Z] LOCK held by unknown (age ?min, ownPid ?/null); retry in 1s [attempt 106, elapsed 274s]
[2026-09-22T02:51:54.777Z] LOCK held by unknown (age ?min, ownPid ?/null); retry in 2s [attempt 107, elapsed 276s]
[2026-09-22T02:51:56.594Z] LOCK held by unknown (age ?min, ownPid ?/null); retry in 2s [attempt 108, elapsed 277s]
[2026-09-22T02:51:58.356Z] LOCK held by unknown (age ?min, ownPid ?/null); retry in 1s [attempt 109, elapsed 279s]
[2026-09-22T02:51:59.380Z] LOCK held by unknown (age ?min, ownPid ?/null); retry in 1s [attempt 110, elapsed 280s]
[2026-09-22T02:52:00.513Z] LOCK held by unknown (age ?min, ownPid ?/null); retry in 1s [attempt 111, elapsed 281s]
[2026-09-22T02:52:01.779Z] LOCK held by unknown (age ?min, ownPid ?/null); retry in 2s [attempt 112, elapsed 283s]
[2026-09-22T02:52:03.400Z] LOCK held by unknown (age ?min, ownPid ?/null); retry in 2s [attempt 113, elapsed 284s]
[2026-09-22T02:52:05.324Z] LOCK held by unknown (age ?min, ownPid ?/null); retry in 2s [attempt 114, elapsed 286s]
[2026-09-22T02:52:07.196Z] LOCK held by unknown (age ?min, ownPid ?/null); retry in 2s [attempt 115, elapsed 288s]
[2026-09-22T02:52:08.711Z] LOCK held by unknown (age ?min, ownPid ?/null); retry in 2s [attempt 116, elapsed 289s]
[2026-09-22T02:52:10.640Z] LOCK held by unknown (age ?min, ownPid ?/null); retry in 1s [attempt 117, elapsed 291s]
[2026-09-22T02:52:12.058Z] LOCK held by unknown (age ?min, ownPid ?/null); retry in 1s [attempt 118, elapsed 293s]
[2026-09-22T02:52:13.395Z] LOCK held by unknown (age ?min, ownPid ?/null); retry in 2s [attempt 119, elapsed 294s]
[2026-09-22T02:52:15.326Z] LOCK held by incident2-conditions (age 0min, ownPid 299154/true); retry in 3s [attempt 120, elapsed 296s]
[2026-09-22T02:52:18.285Z] LOCK held by incident2-conditions (age 0.1min, ownPid 299154/true); retry in 3s [attempt 121, elapsed 299s]
[2026-09-22T02:52:21.112Z] LOCK held by incident2-conditions (age 0.1min, ownPid 299154/true); retry in 3s [attempt 122, elapsed 302s]
[2026-09-22T02:52:23.678Z] LOCK held by incident2-conditions (age 0.2min, ownPid 299154/true); retry in 4s [attempt 123, elapsed 304s]
[2026-09-22T02:52:27.183Z] LOCK held by incident2-conditions (age 0.2min, ownPid 299154/true); retry in 3s [attempt 124, elapsed 308s]
[2026-09-22T02:52:29.745Z] LOCK held by incident2-conditions (age 0.3min, ownPid 299154/true); retry in 3s [attempt 125, elapsed 310s]
[2026-09-22T02:52:33.075Z] LOCK held by incident2-conditions (age 0.3min, ownPid 299154/true); retry in 3s [attempt 126, elapsed 314s]
[2026-09-22T02:52:35.826Z] LOCK held by incident2-conditions (age 0.4min, ownPid 299154/true); retry in 2s [attempt 127, elapsed 317s]
[2026-09-22T02:52:38.191Z] LOCK held by incident2-conditions (age 0.4min, ownPid 299154/true); retry in 4s [attempt 128, elapsed 319s]
[2026-09-22T02:52:42.138Z] LOCK held by incident2-conditions (age 0.5min, ownPid 299154/true); retry in 3s [attempt 129, elapsed 323s]
[2026-09-22T02:52:44.992Z] LOCK held by unknown (age ?min, ownPid ?/null); retry in 1s [attempt 130, elapsed 326s]
[2026-09-22T02:52:46.173Z] LOCK held by unknown (age ?min, ownPid ?/null); retry in 2s [attempt 131, elapsed 327s]
[2026-09-22T02:52:48.041Z] LOCK held by incident2-regression (raf-face theme-sync A/B) (age ?min, ownPid 299905/true); retry in 3s [attempt 132, elapsed 329s]
[2026-09-22T02:52:51.089Z] LOCK held by incident2-regression (raf-face theme-sync A/B) (age ?min, ownPid 299905/true); retry in 3s [attempt 133, elapsed 332s]
[2026-09-22T02:52:54.277Z] LOCK held by incident2-regression (raf-face theme-sync A/B) (age ?min, ownPid 299905/true); retry in 3s [attempt 134, elapsed 335s]
[2026-09-22T02:52:57.206Z] LOCK held by incident2-regression (raf-face theme-sync A/B) (age ?min, ownPid 299905/true); retry in 3s [attempt 135, elapsed 338s]
[2026-09-22T02:52:59.945Z] LOCK held by incident2-regression (raf-face theme-sync A/B) (age ?min, ownPid 299905/true); retry in 2s [attempt 136, elapsed 341s]
[2026-09-22T02:53:02.080Z] LOCK held by incident2-regression (raf-face theme-sync A/B) (age ?min, ownPid 299905/true); retry in 4s [attempt 137, elapsed 343s]
[2026-09-22T02:53:05.821Z] LOCK held by incident2-regression (raf-face theme-sync A/B) (age ?min, ownPid 299905/true); retry in 3s [attempt 138, elapsed 347s]
[2026-09-22T02:53:09.096Z] LOCK held by unknown (age ?min, ownPid ?/null); retry in 1s [attempt 139, elapsed 350s]
[2026-09-22T02:53:10.221Z] LOCK held by unknown (age ?min, ownPid ?/null); retry in 2s [attempt 140, elapsed 351s]
[2026-09-22T02:53:11.745Z] LOCK held by incident2-regression (raf-face theme-sync A/B) (age ?min, ownPid 300272/true); retry in 2s [attempt 141, elapsed 352s]
[2026-09-22T02:53:14.094Z] LOCK held by incident2-regression (raf-face theme-sync A/B) (age ?min, ownPid 300272/true); retry in 4s [attempt 142, elapsed 355s]
[2026-09-22T02:53:17.832Z] LOCK held by incident2-regression (raf-face theme-sync A/B) (age ?min, ownPid 300272/true); retry in 3s [attempt 143, elapsed 359s]
[2026-09-22T02:53:20.715Z] LOCK held by incident2-regression (raf-face theme-sync A/B) (age ?min, ownPid 300272/true); retry in 2s [attempt 144, elapsed 361s]
[2026-09-22T02:53:23.012Z] LOCK held by incident2-regression (raf-face theme-sync A/B) (age ?min, ownPid 300272/true); retry in 3s [attempt 145, elapsed 364s]
[2026-09-22T02:53:25.909Z] LOCK held by unknown (age ?min, ownPid ?/null); retry in 2s [attempt 146, elapsed 367s]
[2026-09-22T02:53:27.762Z] LOCK held by unknown (age ?min, ownPid ?/null); retry in 2s [attempt 147, elapsed 369s]
[2026-09-22T02:53:29.397Z] LOCK held by unknown (age ?min, ownPid ?/null); retry in 1s [attempt 148, elapsed 370s]
[2026-09-22T02:53:30.825Z] LOCK held by unknown (age ?min, ownPid ?/null); retry in 2s [attempt 149, elapsed 372s]
[2026-09-22T02:53:32.641Z] LOCK held by unknown (age ?min, ownPid ?/null); retry in 2s [attempt 150, elapsed 373s]
[2026-09-22T02:53:34.500Z] LOCK held by unknown (age ?min, ownPid ?/null); retry in 2s [attempt 151, elapsed 375s]
[2026-09-22T02:53:36.444Z] LOCK held by unknown (age ?min, ownPid ?/null); retry in 1s [attempt 152, elapsed 377s]
[2026-09-22T02:53:37.763Z] LOCK held by unknown (age ?min, ownPid ?/null); retry in 1s [attempt 153, elapsed 379s]
[2026-09-22T02:53:39.160Z] LOCK held by unknown (age ?min, ownPid ?/null); retry in 2s [attempt 154, elapsed 380s]
[2026-09-22T02:53:40.891Z] LOCK held by unknown (age ?min, ownPid ?/null); retry in 2s [attempt 155, elapsed 382s]
[2026-09-22T02:53:42.644Z] LOCK held by unknown (age ?min, ownPid ?/null); retry in 1s [attempt 156, elapsed 383s]
[2026-09-22T02:53:44.066Z] LOCK held by unknown (age ?min, ownPid ?/null); retry in 2s [attempt 157, elapsed 385s]
[2026-09-22T02:53:45.680Z] LOCK held by unknown (age ?min, ownPid ?/null); retry in 1s [attempt 158, elapsed 386s]
[2026-09-22T02:53:46.973Z] LOCK held by unknown (age ?min, ownPid ?/null); retry in 1s [attempt 159, elapsed 388s]
[2026-09-22T02:53:48.473Z] LOCK held by incident2-conditions (age 0min, ownPid 299774/true); retry in 2s [attempt 160, elapsed 389s]
[2026-09-22T02:53:50.788Z] LOCK held by incident2-conditions (age 0.1min, ownPid 299774/true); retry in 2s [attempt 161, elapsed 392s]
[2026-09-22T02:53:52.799Z] LOCK held by incident2-conditions (age 0.1min, ownPid 299774/true); retry in 2s [attempt 162, elapsed 394s]
[2026-09-22T02:53:55.250Z] LOCK held by incident2-conditions (age 0.1min, ownPid 299774/true); retry in 3s [attempt 163, elapsed 396s]
